<html>
<body>
<pre>
<h1>礦ision Build Log</h1>
<h2>Tool Versions:</h2>
IDE-Version: μVision V5.35.0.0
Copyright (C) 2021 ARM Ltd and ARM Germany GmbH. All rights reserved.
License Information: ewf dsfsdf, fsdf, LIC=GE7DL-0J488-D35M3-AEB0L-BTK5F-463IG
 
Tool Versions:
Toolchain:       MDK-ARM Professional  Version: 5.35.0.2
Toolchain Path:  C:\Keil\ARM\ARMCC\Bin
C Compiler:      Armcc.exe V5.06 update 7 (build 960)
Assembler:       Armasm.exe V5.06 update 7 (build 960)
Linker/Locator:  ArmLink.exe V5.06 update 7 (build 960)
Library Manager: ArmAr.exe V5.06 update 7 (build 960)
Hex Converter:   FromElf.exe V5.06 update 7 (build 960)
CPU DLL:         SARMCM3.DLL V5.35.0.2
Dialog DLL:      DCM.DLL V1.17.3.0
Target DLL:      CMSIS_AGDI.dll V1.33.0.0
Dialog DLL:      TCM.DLL V1.53.0.0
 
<h2>Project:</h2>
D:\STM\mpu6050_serno\MDK-ARM\mpu6050_serno.uvprojx
Project File Date:  05/10/2025

<h2>Output:</h2>
*** Using Compiler 'V5.06 update 7 (build 960)', folder: 'C:\Keil\ARM\ARMCC\Bin'
Build target 'mpu6050_serno'
compiling delay.c...
..\Middlewares\SYSTEM\delay.c(45): warning:  #223-D: function "vPortSetupTimerInterrupt" declared implicitly
                vPortSetupTimerInterrupt();  //初始化定时器
..\Middlewares\SYSTEM\delay.c(50): warning:  #223-D: function "vTaskSuspendAll" declared implicitly
         vTaskSuspendAll();//阻止OS调度，防止打断us延时
..\Middlewares\SYSTEM\delay.c(68): warning:  #223-D: function "xTaskResumeAll" declared implicitly
         xTaskResumeAll();	//恢复OS调度		   
..\Middlewares\SYSTEM\delay.c: 3 warnings, 0 errors
compiling iic_hal.c...
compiling mpu6050.c...
compiling freertos.c...
compiling inv_mpu_dmp_motion_driver.c...
compiling main.c...
compiling inv_mpu.c...
linking...
Program Size: Code=31920 RO-data=3968 RW-data=228 ZI-data=7612  
FromELF: creating hex file...
"mpu6050_serno\mpu6050_serno.axf" - 0 Error(s), 3 Warning(s).

<h2>Software Packages used:</h2>

Package Vendor: ARM
                http://www.keil.com/pack/ARM.CMSIS.5.9.0.pack
                ARM.CMSIS.5.9.0
                CMSIS (Common Microcontroller Software Interface Standard)
   * Component: CORE Version: 5.6.0

Package Vendor: Keil
                http://www.keil.com/pack/Keil.STM32F1xx_DFP.2.4.0.pack
                Keil.STM32F1xx_DFP.2.4.0
                STMicroelectronics STM32F1 Series Device Support, Drivers and Examples

<h2>Collection of Component include folders:</h2>
  .\RTE\_mpu6050_serno
  C:\Keil\ARM\CMSIS\5.9.0\CMSIS\Core\Include
  C:\Keil\Keil\STM32F1xx_DFP\2.4.0\Device\Include

<h2>Collection of Component Files used:</h2>

   * Component: ARM::CMSIS:CORE:5.6.0
      Include file:  CMSIS\Core\Include\tz_context.h
Build Time Elapsed:  00:00:04
</pre>
</body>
</html>
